---
source: tests/corpus.rs
expression: "string \"my\nmultiline\nvalue\"\n"
---
Document {
    nodes: [
        Node {
            span: 0..28,
            ty: None,
            name: "string":0..6,
            attrs: [
                Attr {
                    span: 7..27,
                    name: None,
                    ty: None,
                    value: "my\nmultiline\nvalue":7..27,
                },
            ],
            children: [],
        },
    ],
}
