---
source: tests/corpus.rs
expression: "node /- /- {} {} \"val\"\n"
---
Document {
    nodes: [
        Node {
            span: 0..23,
            ty: None,
            name: "node":0..4,
            attrs: [
                Attr {
                    span: 17..22,
                    name: None,
                    ty: None,
                    value: "val":17..22,
                },
            ],
            children: [],
        },
    ],
}
