---
source: tests/corpus.rs
expression: "other-raw r#\"hello\"world\"#\n"
---
Document {
    nodes: [
        Node {
            span: 0..27,
            ty: None,
            name: "other-raw":0..9,
            attrs: [
                Attr {
                    span: 10..26,
                    name: None,
                    ty: None,
                    value: "hello\"world":10..26,
                },
            ],
            children: [],
        },
    ],
}
