---
source: tests/corpus.rs
expression: "// C style\n\n/*\nC style multiline\n*/\n\ntag /*foo=true*/ bar=false\n\n/*/*\nhello\n*/*/\n"
---
Document {
    nodes: [
        Node {
            span: 37..65,
            ty: None,
            name: "tag":37..40,
            attrs: [
                Attr {
                    span: 54..63,
                    name: Some(
                        "bar":54..53,
                    ),
                    ty: None,
                    value: false:57..63,
                },
            ],
            children: [],
        },
    ],
}
