---
source: tests/corpus.rs
expression: "title \"Hello, World\"\n"
---
Document {
    nodes: [
        Node {
            span: 0..21,
            ty: None,
            name: "title":0..5,
            attrs: [
                Attr {
                    span: 6..20,
                    name: None,
                    ty: None,
                    value: "Hello, World":6..20,
                },
            ],
            children: [],
        },
    ],
}
